    Blocking waiting for file lock on build directory
   Compiling accounting-flow v0.1.0 (C:\Projects\AccountingFlow\src-tauri)
warning: unused import: `base64::Engine`
 --> src\ai_service.rs:6:5
  |
6 | use base64::Engine;
  |     ^^^^^^^^^^^^^^
  |
  = note: `#[warn(unused_imports)]` (part of `#[warn(unused)]`) on by default

warning: unused imports: `AnalysisResponse`, `InventoryItem`, `Partner`, and `ValidationResult`
 --> src\commands.rs:2:5
  |
2 |     AnalysisResponse, Asset, AuditSnapshot, InventoryItem, JournalEntry, Order, ParsedTransaction,
  |     ^^^^^^^^^^^^^^^^                        ^^^^^^^^^^^^^
3 |     Partner, SimulationResult, TaxAdjustment, TenantConfig, ValidationResult,
  |     ^^^^^^^                                                 ^^^^^^^^^^^^^^^^

warning: unused import: `TenantConfig`
 --> src\closing_engine.rs:1:48
  |
1 | use crate::core::models::{Asset, JournalEntry, TenantConfig};
  |                                                ^^^^^^^^^^^^

warning: unused import: `TenantConfig`
 --> src\audit_manager.rs:1:56
  |
1 | use crate::core::models::{AuditSnapshot, JournalEntry, TenantConfig, TaxAdjustment};
  |                                                        ^^^^^^^^^^^^

warning: unused import: `AuditSnapshot`
 --> src\proof_manager.rs:1:27
  |
1 | use crate::core::models::{AuditSnapshot, JournalEntry};
  |                           ^^^^^^^^^^^^^

warning: unnecessary parentheses around match arm expression
  --> src\asset_manager.rs:15:36
   |
15 |             "DECLINING_BALANCE" => (asset.current_value * (1.0 / asset.useful_life as f64) * 2.0), // Double Declining mock
   |                                    ^                                                            ^
   |
   = note: `#[warn(unused_parens)]` (part of `#[warn(unused)]`) on by default
help: remove these parentheses
   |
15 -             "DECLINING_BALANCE" => (asset.current_value * (1.0 / asset.useful_life as f64) * 2.0), // Double Declining mock
15 +             "DECLINING_BALANCE" => asset.current_value * (1.0 / asset.useful_life as f64) * 2.0 , // Double Declining mock
   |

warning: unused imports: `InventoryItem` and `OrderItem`
 --> src\scm_service.rs:1:48
  |
1 | use crate::core::models::{JournalEntry, Order, OrderItem, InventoryItem};
  |                                                ^^^^^^^^^  ^^^^^^^^^^^^^

warning: unused import: `JournalEntry`
 --> src\tax_validator.rs:1:58
  |
1 | use crate::core::models::{AuditSnapshot, EntityMetadata, JournalEntry, ValidationResult};
  |                                                          ^^^^^^^^^^^^

warning: unused imports: `TaxAdjustment` and `ValidationResult`
 --> src\simulation_engine.rs:3:32
  |
3 |     EntityMetadata, TaxPolicy, TaxAdjustment, ValidationResult
  |                                ^^^^^^^^^^^^^  ^^^^^^^^^^^^^^^^

warning: unused import: `chrono::NaiveDate`
 --> src\simulation_engine.rs:6:5
  |
6 | use chrono::NaiveDate;
  |     ^^^^^^^^^^^^^^^^^

warning: unused import: `std::error::Error`
 --> src\batch_processor.rs:4:5
  |
4 | use std::error::Error;
  |     ^^^^^^^^^^^^^^^^^

warning: unused imports: `EUC_KR` and `UTF_8`
 --> src\robust_parser.rs:3:19
  |
3 | use encoding_rs::{EUC_KR, UTF_8};
  |                   ^^^^^^  ^^^^^

warning: unused variable: `current_date`
 --> src\closing_engine.rs:6:9
  |
6 |     let current_date = NaiveDate::parse_from_str(&date_str, "%Y-%m-%d").unwrap_or_default();
  |         ^^^^^^^^^^^^ help: if this is intentional, prefix it with an underscore: `_current_date`
  |
  = note: `#[warn(unused_variables)]` (part of `#[warn(unused)]`) on by default

warning: unused variable: `ledger`
  --> src\tax_bridge.rs:89:32
   |
89 | pub fn generate_standard_forms(ledger: Vec<JournalEntry>, adjustments: Vec<TaxAdjustment>) -> StandardTaxForms {
   |                                ^^^^^^ help: if this is intentional, prefix it with an underscore: `_ledger`

warning: value assigned to `version_counter` is never read
   --> src\simulation_engine.rs:228:5
    |
228 |     version_counter += 1;
    |     ^^^^^^^^^^^^^^^^^^^^
    |
    = help: maybe it is overwritten before being read?
    = note: `#[warn(unused_assignments)]` (part of `#[warn(unused)]`) on by default

warning: function `validate_filing_data` is never used
  --> src\filing_engine.rs:49:8
   |
49 | pub fn validate_filing_data(snapshot: &AuditSnapshot) -> Vec<String> {
   |        ^^^^^^^^^^^^^^^^^^^^
   |
   = note: `#[warn(dead_code)]` (part of `#[warn(unused)]`) on by default

warning: function `validate_reg_no` is never used
  --> src\vendor_governance.rs:40:8
   |
40 | pub fn validate_reg_no(reg_no: &str) -> Result<(), String> {
   |        ^^^^^^^^^^^^^^^

warning: `accounting-flow` (lib) generated 17 warnings (run `cargo fix --lib -p accounting-flow` to apply 14 suggestions)
    Finished `dev` profile [unoptimized + debuginfo] target(s) in 41.83s
