   Compiling accounting-flow v0.1.0 (C:\Projects\AccountingFlow\src-tauri)
error[E0432]: unresolved import `crate::core::models::Vendor`
 --> src\tax_validator.rs:1:90
  |
1 | use crate::core::models::{AuditSnapshot, EntityMetadata, JournalEntry, ValidationResult, Vendor};
  |                                                                                          ^^^^^^ no `Vendor` in `core::models`

error[E0412]: cannot find type `Asset` in this scope
 --> src\closing_engine.rs:4:43
  |
4 | pub fn calculate_depreciation(assets: Vec<Asset>, date_str: String) -> Vec<JournalEntry> {
  |                                           ^^^^^ not found in this scope
  |
help: consider importing one of these structs
  |
1 + use crate::core::models::Asset;
  |
1 + use tauri::Asset;
  |

error[E0412]: cannot find type `TaxAdjustment` in this scope
 --> src\audit_manager.rs:5:74
  |
5 | pub fn create_audit_snapshot(ledger: Vec<JournalEntry>, adjustments: Vec<TaxAdjustment>) -> AuditSnapshot {
  |                                                                          ^^^^^^^^^^^^^ not found in this scope
  |
help: consider importing this struct
  |
1 + use crate::core::models::TaxAdjustment;
  |

error[E0412]: cannot find type `JournalEntry` in this scope
  --> src\proof_manager.rs:10:32
   |
10 | pub fn verify_evidence(entry: &JournalEntry) -> VerificationStatus {
   |                                ^^^^^^^^^^^^ not found in this scope
   |
help: consider importing this struct
   |
 1 + use crate::core::models::JournalEntry;
   |

warning: unused import: `base64::Engine`
 --> src\ai_service.rs:6:5
  |
6 | use base64::Engine;
  |     ^^^^^^^^^^^^^^
  |
  = note: `#[warn(unused_imports)]` (part of `#[warn(unused)]`) on by default

warning: unused imports: `AnalysisResponse`, `InventoryItem`, `Partner`, and `ValidationResult`
 --> src\commands.rs:2:5
  |
2 |     AnalysisResponse, Asset, AuditSnapshot, InventoryItem, JournalEntry, Order, ParsedTransaction,
  |     ^^^^^^^^^^^^^^^^                        ^^^^^^^^^^^^^
3 |     Partner, SimulationResult, TaxAdjustment, TenantConfig, ValidationResult,
  |     ^^^^^^^                                                 ^^^^^^^^^^^^^^^^

warning: unused import: `TenantConfig`
 --> src\closing_engine.rs:1:41
  |
1 | use crate::core::models::{JournalEntry, TenantConfig};
  |                                         ^^^^^^^^^^^^

warning: unused import: `TenantConfig`
 --> src\audit_manager.rs:1:56
  |
1 | use crate::core::models::{AuditSnapshot, JournalEntry, TenantConfig};
  |                                                        ^^^^^^^^^^^^

warning: unused import: `crate::core::models::AuditSnapshot`
 --> src\proof_manager.rs:1:5
  |
1 | use crate::core::models::AuditSnapshot;
  |     ^^^^^^^^^^^^^^^^^^^^^^^^^^^^^^^^^^

warning: unnecessary parentheses around match arm expression
  --> src\asset_manager.rs:15:36
   |
15 |             "DECLINING_BALANCE" => (asset.current_value * (1.0 / asset.useful_life as f64) * 2.0), // Double Declining mock
   |                                    ^                                                            ^
   |
   = note: `#[warn(unused_parens)]` (part of `#[warn(unused)]`) on by default
help: remove these parentheses
   |
15 -             "DECLINING_BALANCE" => (asset.current_value * (1.0 / asset.useful_life as f64) * 2.0), // Double Declining mock
15 +             "DECLINING_BALANCE" => asset.current_value * (1.0 / asset.useful_life as f64) * 2.0 , // Double Declining mock
   |

warning: unused imports: `InventoryItem` and `OrderItem`
 --> src\scm_service.rs:1:48
  |
1 | use crate::core::models::{JournalEntry, Order, OrderItem, InventoryItem};
  |                                                ^^^^^^^^^  ^^^^^^^^^^^^^

warning: unused import: `JournalEntry`
 --> src\tax_validator.rs:1:58
  |
1 | use crate::core::models::{AuditSnapshot, EntityMetadata, JournalEntry, ValidationResult, Vendor};
  |                                                          ^^^^^^^^^^^^

warning: unused imports: `TaxAdjustment` and `ValidationResult`
 --> src\simulation_engine.rs:3:32
  |
3 |     EntityMetadata, TaxPolicy, TaxAdjustment, ValidationResult
  |                                ^^^^^^^^^^^^^  ^^^^^^^^^^^^^^^^

warning: unused import: `chrono::NaiveDate`
 --> src\simulation_engine.rs:6:5
  |
6 | use chrono::NaiveDate;
  |     ^^^^^^^^^^^^^^^^^

warning: unused import: `std::error::Error`
 --> src\batch_processor.rs:4:5
  |
4 | use std::error::Error;
  |     ^^^^^^^^^^^^^^^^^

warning: unused imports: `EUC_KR` and `UTF_8`
 --> src\robust_parser.rs:3:19
  |
3 | use encoding_rs::{EUC_KR, UTF_8};
  |                   ^^^^^^  ^^^^^

error[E0063]: missing field `audit_trail` in initializer of `ParsedTransaction`
  --> src\batch_processor.rs:40:9
   |
40 |         ParsedTransaction {
   |         ^^^^^^^^^^^^^^^^^ missing `audit_trail`

warning: unused variable: `ledger`
  --> src\tax_bridge.rs:89:32
   |
89 | pub fn generate_standard_forms(ledger: Vec<JournalEntry>, adjustments: Vec<TaxAdjustment>) -> StandardTaxForms {
   |                                ^^^^^^ help: if this is intentional, prefix it with an underscore: `_ledger`
   |
   = note: `#[warn(unused_variables)]` (part of `#[warn(unused)]`) on by default

warning: value assigned to `version_counter` is never read
   --> src\simulation_engine.rs:228:5
    |
228 |     version_counter += 1;
    |     ^^^^^^^^^^^^^^^^^^^^
    |
    = help: maybe it is overwritten before being read?
    = note: `#[warn(unused_assignments)]` (part of `#[warn(unused)]`) on by default

Some errors have detailed explanations: E0063, E0412, E0432.
For more information about an error, try `rustc --explain E0063`.
warning: `accounting-flow` (lib) generated 14 warnings
error: could not compile `accounting-flow` (lib) due to 5 previous errors; 14 warnings emitted
