
> accounting-flow@0.1.0 build
> tsc && vite build

src/components/modals/MappingRuleModal.tsx(31,13): error TS2561: Object literal may only specify known properties, but 'isAutoApprove' does not exist in type 'MappingRule'. Did you mean to write 'autoApprove'?
src/pages/TaxReport.tsx(88,105): error TS2339: Property 'evidenceType' does not exist on type 'JournalEntry'.
