cargo :     Checking accounti
ng-flow v0.1.0 (C:\Projects\A
ccountingFlow\src-tauri)
위치 줄:1 문자:1
+ cargo check --manifest-path
 src-tauri/Cargo.toml > build
_errors.txt 2 ...
+ ~~~~~~~~~~~~~~~~~~~~~~~~~~~
~~~~~~~~~~~~~~~~~~~~~~~~~~~~~
~~~~~~~~~~~~~
    + CategoryInfo           
   : NotSpecified: (    Che  
  cking ac...Flow\src-taur   
 i):String) [], RemoteExc    
eption
    + FullyQualifiedErrorId  
   : NativeCommandError
 
error[E0433]: failed to resol
ve: could not find `report_en
gine` in `accounting`
   --> src\commands.rs:170:32
    |
170 | ) -> Result<crate::acco
unting::report_engine::Manage
mentReport, String> {
    |                        
        ^^^^^^^^^^^^^ could n
ot find `report_engine` in `a
ccounting`

error[E0433]: failed to resol
ve: could not find `report_en
gine` in `accounting`
   --> src\commands.rs:173:24
    |
173 |     crate::accounting::
report_engine::generate_manag
ement_report(
    |                        
^^^^^^^^^^^^^ could not find 
`report_engine` in `accountin
g`

warning: unused doc comment
  --> src\core\security.rs:7:
1
   |
 7 | / /**
 8 | |  * [Security Module] T
enant Isolation & KMS (Key Ma
nagement System)
 9 | |  * 
10 | |  * ?뷀꽣?꾨씪?댁쫰湲?蹂댁븞 ?붽뎄?
ы빆??異⑹”?섍린 ?꾪븳 寃⑸━ 諛???愿由?紐⑤
뱢?낅땲??
...  |
15 | |  * 3. In-Memory Vault:
 ?ㅼ쓽 硫붾え由????덉쟾??寃⑸━ 蹂닿? (?ㅼ젣
 ?댁쁺 ?쒖뿉??Encrypted File/Hard
ware HSM ?곕룞 沅뚯옣)
16 | |  */
   | |___^ rustdoc does not g
enerate documentation for mac
ro invocations
   |
   = help: to document an ite
m produced by a macro, the ma
cro must produce the document
ation as part of its expansio
n
   = note: `#[warn(unused_doc
_comments)]` (part of `#[warn
(unused)]`) on by default

warning: unused import: `std:
:time::Duration`
 --> src\ai\ai_service.rs:5:5
  |
5 | use std::time::Duration;
  |     ^^^^^^^^^^^^^^^^^^^
  |
  = note: `#[warn(unused_impo
rts)]` (part of `#[warn(unuse
d)]`) on by default

For more information about th
is error, try `rustc --explai
n E0433`.
warning: `accounting-flow` (l
ib) generated 2 warnings
error: could not compile `acc
ounting-flow` (lib) due to 2 
previous errors; 2 warnings e
mitted
