﻿
?먥븧?먥븧?먥븧?먥븧?먥븧?먥븧?먥븧?먥븧?먥븧?먥븧?먥븧?먥븧?먥븧?먥븧?먥븧?먥븧?먥븧?먥븧?먥븧?먥븧?먥븧?먥븧?먥븧?먥븧?먥븧?먥븧?먥븧?먥븧
     FINANCIAL INTEGRITY AUTOMATION SUITE (v1.0)
?먥븧?먥븧?먥븧?먥븧?먥븧?먥븧?먥븧?먥븧?먥븧?먥븧?먥븧?먥븧?먥븧?먥븧?먥븧?먥븧?먥븧?먥븧?먥븧?먥븧?먥븧?먥븧?먥븧?먥븧?먥븧?먥븧?먥븧?먥븧

?? Testing Scenario: Hyper Growth Mode (GROWTH)
?썳截?ConstitutionMonitor Initialized: System Integrity Protection Active
[System Context Change] REAL_WORLD -> SIMULATION
??[L1] Trial Balance Balanced (Precision Check passed)
??[L2] Statement Identity & Linkage Verified (Error Margin: 0)
   - Net Income: -22,524,500 KRW
   - Total Assets: 400,011,723 KRW
node.exe : 
위치 줄:1 문자:1
+ & "C:\Program Files\nodejs/n
ode.exe" "C:\Program Files\nod
ejs/node_mo ...
+ ~~~~~~~~~~~~~~~~~~~~~~~~~~~~
~~~~~~~~~~~~~~~~~~~~~~~~~~~~~~
~~~~~~~~~~~
    + CategoryInfo          : 
    NotSpecified: (:String)   
  [], RemoteException
    + FullyQualifiedErrorId : 
    NativeCommandError
 
?뮙 FATAL SYSTEM ERROR DURING I
NTEGRITY CHECK: TypeError: Can
not read properties of undefin
ed (reading 'revenue')
    at compare (C:\Projects\Ac
countingFlow\src\tests\integri
ty_validator.ts:100:58)
    at compare (C:\Projects\Ac
countingFlow\src\tests\integri
ty_validator.ts:100:21)
    at FinancialIntegrityValid
ator.compareWithBaseline (C:\P
rojects\AccountingFlow\src\tes
ts\integrity_validator.ts:109:
9)
    at runScenarioTest (C:\Pro
jects\AccountingFlow\src\tests
\run_integrity_tests.ts:73:56)
    at start (C:\Projects\Acco
untingFlow\src\tests\run_integ
rity_tests.ts:90:15)
    at <anonymous> (C:\Project
s\AccountingFlow\src\tests\run
_integrity_tests.ts:102:1)
    at ModuleJob.run (node:int
ernal/modules/esm/module_job:3
77:25)
    at async onImport.tracePro
mise.__proto__ (node:internal/
modules/esm/loader:671:26)
    at async asyncRunEntryPoin
tWithESMLoader (node:internal/
modules/run_main:101:5)
