src/utils/reimportVerifier.ts(37,9): error TS2322: Type '{ isValid: boolean; hashMatch: boolean; importedData: unknown[]; diffs: { field: string; original: any; current: string; delta: number; }[]; timestamp: string; }' is not assignable to type 'VerificationReport & { importedData: any[]; }'.
  Property 'level' is missing in type '{ isValid: boolean; hashMatch: boolean; importedData: unknown[]; diffs: { field: string; original: any; current: string; delta: number; }[]; timestamp: string; }' but required in type 'VerificationReport'.
