src/components/journal/PaymentRequestModal.tsx(78,57): error TS2339: Property 'bankName' does not exist on type 'ParsedTransaction'.
src/components/journal/PaymentRequestModal.tsx(80,110): error TS2339: Property 'bankAccount' does not exist on type 'ParsedTransaction'.
